Example:
--message=<string> [--number=<int>] [--flag=<bool>]

Required:
--message=<string> â€” Message for return

Optional:
--number=<int>
--flag=<bool>
